// Jest Snapshot v1, https://goo.gl/fbAQLP

exports[`ViewPie Tests should match the snap shot 1`] = `
ShallowWrapper {
  "length": 1,
  Symbol(enzyme.__root__): [Circular],
  Symbol(enzyme.__unrendered__): <ViewPie
    alumni={Array []}
/>,
  Symbol(enzyme.__renderer__): Object {
    "batchedUpdates": [Function],
    "getNode": [Function],
    "render": [Function],
    "simulateEvent": [Function],
    "unmount": [Function],
  },
  Symbol(enzyme.__node__): Object {
    "instance": null,
    "key": undefined,
    "nodeType": "host",
    "props": Object {
      "children": Array [
        <div
          className="link-container-view"
>
          <NavLink
                    activeClassName="active"
                    ariaCurrent="true"
                    className="nav"
                    exact={true}
                    to="/"
          >
                    Home
          </NavLink>
</div>,
        <h2
          className="view-salary-title"
>
          Turing grads have been accepting offers with these job titles
</h2>,
        <Connect(Pie) />,
        <div
          className="place-holder"
/>,
      ],
      "className": "view-pie-container",
    },
    "ref": null,
    "rendered": Array [
      Object {
        "instance": null,
        "key": undefined,
        "nodeType": "host",
        "props": Object {
          "children": <NavLink
            activeClassName="active"
            ariaCurrent="true"
            className="nav"
            exact={true}
            to="/"
>
            Home
</NavLink>,
          "className": "link-container-view",
        },
        "ref": null,
        "rendered": Object {
          "instance": null,
          "key": undefined,
          "nodeType": "function",
          "props": Object {
            "activeClassName": "active",
            "ariaCurrent": "true",
            "children": "Home",
            "className": "nav",
            "exact": true,
            "to": "/",
          },
          "ref": null,
          "rendered": "Home",
          "type": [Function],
        },
        "type": "div",
      },
      Object {
        "instance": null,
        "key": undefined,
        "nodeType": "host",
        "props": Object {
          "children": "Turing grads have been accepting offers with these job titles",
          "className": "view-salary-title",
        },
        "ref": null,
        "rendered": "Turing grads have been accepting offers with these job titles",
        "type": "h2",
      },
      Object {
        "instance": null,
        "key": undefined,
        "nodeType": "class",
        "props": Object {},
        "ref": null,
        "rendered": null,
        "type": [Function],
      },
      Object {
        "instance": null,
        "key": undefined,
        "nodeType": "host",
        "props": Object {
          "className": "place-holder",
        },
        "ref": null,
        "rendered": null,
        "type": "div",
      },
    ],
    "type": "div",
  },
  Symbol(enzyme.__nodes__): Array [
    Object {
      "instance": null,
      "key": undefined,
      "nodeType": "host",
      "props": Object {
        "children": Array [
          <div
            className="link-container-view"
>
            <NavLink
                        activeClassName="active"
                        ariaCurrent="true"
                        className="nav"
                        exact={true}
                        to="/"
            >
                        Home
            </NavLink>
</div>,
          <h2
            className="view-salary-title"
>
            Turing grads have been accepting offers with these job titles
</h2>,
          <Connect(Pie) />,
          <div
            className="place-holder"
/>,
        ],
        "className": "view-pie-container",
      },
      "ref": null,
      "rendered": Array [
        Object {
          "instance": null,
          "key": undefined,
          "nodeType": "host",
          "props": Object {
            "children": <NavLink
              activeClassName="active"
              ariaCurrent="true"
              className="nav"
              exact={true}
              to="/"
>
              Home
</NavLink>,
            "className": "link-container-view",
          },
          "ref": null,
          "rendered": Object {
            "instance": null,
            "key": undefined,
            "nodeType": "function",
            "props": Object {
              "activeClassName": "active",
              "ariaCurrent": "true",
              "children": "Home",
              "className": "nav",
              "exact": true,
              "to": "/",
            },
            "ref": null,
            "rendered": "Home",
            "type": [Function],
          },
          "type": "div",
        },
        Object {
          "instance": null,
          "key": undefined,
          "nodeType": "host",
          "props": Object {
            "children": "Turing grads have been accepting offers with these job titles",
            "className": "view-salary-title",
          },
          "ref": null,
          "rendered": "Turing grads have been accepting offers with these job titles",
          "type": "h2",
        },
        Object {
          "instance": null,
          "key": undefined,
          "nodeType": "class",
          "props": Object {},
          "ref": null,
          "rendered": null,
          "type": [Function],
        },
        Object {
          "instance": null,
          "key": undefined,
          "nodeType": "host",
          "props": Object {
            "className": "place-holder",
          },
          "ref": null,
          "rendered": null,
          "type": "div",
        },
      ],
      "type": "div",
    },
  ],
  Symbol(enzyme.__options__): Object {
    "adapter": ReactSixteenAdapter {
      "options": Object {
        "enableComponentDidUpdateOnSetState": true,
      },
    },
    "disableLifecycleMethods": true,
  },
}
`;
