// Jest Snapshot v1, https://goo.gl/fbAQLP

exports[`Home Tests should match the snap shot 1`] = `
ShallowWrapper {
  "length": 1,
  Symbol(enzyme.__root__): [Circular],
  Symbol(enzyme.__unrendered__): <Home />,
  Symbol(enzyme.__renderer__): Object {
    "batchedUpdates": [Function],
    "getNode": [Function],
    "render": [Function],
    "simulateEvent": [Function],
    "unmount": [Function],
  },
  Symbol(enzyme.__node__): Object {
    "instance": null,
    "key": undefined,
    "nodeType": "host",
    "props": Object {
      "children": <div
        className="link-container"
>
        <span
                className="description"
        >
                Welcome to Turing Salaries where you can view data from past Turing graduates.
        </span>
        <div
                className="button-area"
        >
                <NavLink
                        activeClassName="active"
                        ariaCurrent="true"
                        className="home-nav"
                        to="/viewsalary"
                >
                        Browse Salaries
                </NavLink>
                <NavLink
                        activeClassName="active"
                        ariaCurrent="true"
                        className="charts-nav"
                        to="/viewline"
                >
                        2015 & 2016 Salaries
                </NavLink>
                <NavLink
                        activeClassName="active"
                        ariaCurrent="true"
                        className="charts-nav"
                        to="/viewPie"
                >
                        Jobs Titles of Grads
                </NavLink>
                <NavLink
                        activeClassName="active"
                        ariaCurrent="true"
                        className="charts-nav"
                        to="/viewBar"
                >
                        How many days to hire?
                </NavLink>
        </div>
</div>,
      "className": "home-container",
    },
    "ref": null,
    "rendered": Object {
      "instance": null,
      "key": undefined,
      "nodeType": "host",
      "props": Object {
        "children": Array [
          <span
            className="description"
>
            Welcome to Turing Salaries where you can view data from past Turing graduates.
</span>,
          <div
            className="button-area"
>
            <NavLink
                        activeClassName="active"
                        ariaCurrent="true"
                        className="home-nav"
                        to="/viewsalary"
            >
                        Browse Salaries
            </NavLink>
            <NavLink
                        activeClassName="active"
                        ariaCurrent="true"
                        className="charts-nav"
                        to="/viewline"
            >
                        2015 & 2016 Salaries
            </NavLink>
            <NavLink
                        activeClassName="active"
                        ariaCurrent="true"
                        className="charts-nav"
                        to="/viewPie"
            >
                        Jobs Titles of Grads
            </NavLink>
            <NavLink
                        activeClassName="active"
                        ariaCurrent="true"
                        className="charts-nav"
                        to="/viewBar"
            >
                        How many days to hire?
            </NavLink>
</div>,
        ],
        "className": "link-container",
      },
      "ref": null,
      "rendered": Array [
        Object {
          "instance": null,
          "key": undefined,
          "nodeType": "host",
          "props": Object {
            "children": "Welcome to Turing Salaries where you can view data from past Turing graduates.",
            "className": "description",
          },
          "ref": null,
          "rendered": "Welcome to Turing Salaries where you can view data from past Turing graduates.",
          "type": "span",
        },
        Object {
          "instance": null,
          "key": undefined,
          "nodeType": "host",
          "props": Object {
            "children": Array [
              <NavLink
                activeClassName="active"
                ariaCurrent="true"
                className="home-nav"
                to="/viewsalary"
>
                Browse Salaries
</NavLink>,
              <NavLink
                activeClassName="active"
                ariaCurrent="true"
                className="charts-nav"
                to="/viewline"
>
                2015 & 2016 Salaries
</NavLink>,
              <NavLink
                activeClassName="active"
                ariaCurrent="true"
                className="charts-nav"
                to="/viewPie"
>
                Jobs Titles of Grads
</NavLink>,
              <NavLink
                activeClassName="active"
                ariaCurrent="true"
                className="charts-nav"
                to="/viewBar"
>
                How many days to hire?
</NavLink>,
            ],
            "className": "button-area",
          },
          "ref": null,
          "rendered": Array [
            Object {
              "instance": null,
              "key": undefined,
              "nodeType": "function",
              "props": Object {
                "activeClassName": "active",
                "ariaCurrent": "true",
                "children": "Browse Salaries",
                "className": "home-nav",
                "to": "/viewsalary",
              },
              "ref": null,
              "rendered": "Browse Salaries",
              "type": [Function],
            },
            Object {
              "instance": null,
              "key": undefined,
              "nodeType": "function",
              "props": Object {
                "activeClassName": "active",
                "ariaCurrent": "true",
                "children": "2015 & 2016 Salaries",
                "className": "charts-nav",
                "to": "/viewline",
              },
              "ref": null,
              "rendered": "2015 & 2016 Salaries",
              "type": [Function],
            },
            Object {
              "instance": null,
              "key": undefined,
              "nodeType": "function",
              "props": Object {
                "activeClassName": "active",
                "ariaCurrent": "true",
                "children": "Jobs Titles of Grads",
                "className": "charts-nav",
                "to": "/viewPie",
              },
              "ref": null,
              "rendered": "Jobs Titles of Grads",
              "type": [Function],
            },
            Object {
              "instance": null,
              "key": undefined,
              "nodeType": "function",
              "props": Object {
                "activeClassName": "active",
                "ariaCurrent": "true",
                "children": "How many days to hire?",
                "className": "charts-nav",
                "to": "/viewBar",
              },
              "ref": null,
              "rendered": "How many days to hire?",
              "type": [Function],
            },
          ],
          "type": "div",
        },
      ],
      "type": "div",
    },
    "type": "div",
  },
  Symbol(enzyme.__nodes__): Array [
    Object {
      "instance": null,
      "key": undefined,
      "nodeType": "host",
      "props": Object {
        "children": <div
          className="link-container"
>
          <span
                    className="description"
          >
                    Welcome to Turing Salaries where you can view data from past Turing graduates.
          </span>
          <div
                    className="button-area"
          >
                    <NavLink
                              activeClassName="active"
                              ariaCurrent="true"
                              className="home-nav"
                              to="/viewsalary"
                    >
                              Browse Salaries
                    </NavLink>
                    <NavLink
                              activeClassName="active"
                              ariaCurrent="true"
                              className="charts-nav"
                              to="/viewline"
                    >
                              2015 & 2016 Salaries
                    </NavLink>
                    <NavLink
                              activeClassName="active"
                              ariaCurrent="true"
                              className="charts-nav"
                              to="/viewPie"
                    >
                              Jobs Titles of Grads
                    </NavLink>
                    <NavLink
                              activeClassName="active"
                              ariaCurrent="true"
                              className="charts-nav"
                              to="/viewBar"
                    >
                              How many days to hire?
                    </NavLink>
          </div>
</div>,
        "className": "home-container",
      },
      "ref": null,
      "rendered": Object {
        "instance": null,
        "key": undefined,
        "nodeType": "host",
        "props": Object {
          "children": Array [
            <span
              className="description"
>
              Welcome to Turing Salaries where you can view data from past Turing graduates.
</span>,
            <div
              className="button-area"
>
              <NavLink
                            activeClassName="active"
                            ariaCurrent="true"
                            className="home-nav"
                            to="/viewsalary"
              >
                            Browse Salaries
              </NavLink>
              <NavLink
                            activeClassName="active"
                            ariaCurrent="true"
                            className="charts-nav"
                            to="/viewline"
              >
                            2015 & 2016 Salaries
              </NavLink>
              <NavLink
                            activeClassName="active"
                            ariaCurrent="true"
                            className="charts-nav"
                            to="/viewPie"
              >
                            Jobs Titles of Grads
              </NavLink>
              <NavLink
                            activeClassName="active"
                            ariaCurrent="true"
                            className="charts-nav"
                            to="/viewBar"
              >
                            How many days to hire?
              </NavLink>
</div>,
          ],
          "className": "link-container",
        },
        "ref": null,
        "rendered": Array [
          Object {
            "instance": null,
            "key": undefined,
            "nodeType": "host",
            "props": Object {
              "children": "Welcome to Turing Salaries where you can view data from past Turing graduates.",
              "className": "description",
            },
            "ref": null,
            "rendered": "Welcome to Turing Salaries where you can view data from past Turing graduates.",
            "type": "span",
          },
          Object {
            "instance": null,
            "key": undefined,
            "nodeType": "host",
            "props": Object {
              "children": Array [
                <NavLink
                  activeClassName="active"
                  ariaCurrent="true"
                  className="home-nav"
                  to="/viewsalary"
>
                  Browse Salaries
</NavLink>,
                <NavLink
                  activeClassName="active"
                  ariaCurrent="true"
                  className="charts-nav"
                  to="/viewline"
>
                  2015 & 2016 Salaries
</NavLink>,
                <NavLink
                  activeClassName="active"
                  ariaCurrent="true"
                  className="charts-nav"
                  to="/viewPie"
>
                  Jobs Titles of Grads
</NavLink>,
                <NavLink
                  activeClassName="active"
                  ariaCurrent="true"
                  className="charts-nav"
                  to="/viewBar"
>
                  How many days to hire?
</NavLink>,
              ],
              "className": "button-area",
            },
            "ref": null,
            "rendered": Array [
              Object {
                "instance": null,
                "key": undefined,
                "nodeType": "function",
                "props": Object {
                  "activeClassName": "active",
                  "ariaCurrent": "true",
                  "children": "Browse Salaries",
                  "className": "home-nav",
                  "to": "/viewsalary",
                },
                "ref": null,
                "rendered": "Browse Salaries",
                "type": [Function],
              },
              Object {
                "instance": null,
                "key": undefined,
                "nodeType": "function",
                "props": Object {
                  "activeClassName": "active",
                  "ariaCurrent": "true",
                  "children": "2015 & 2016 Salaries",
                  "className": "charts-nav",
                  "to": "/viewline",
                },
                "ref": null,
                "rendered": "2015 & 2016 Salaries",
                "type": [Function],
              },
              Object {
                "instance": null,
                "key": undefined,
                "nodeType": "function",
                "props": Object {
                  "activeClassName": "active",
                  "ariaCurrent": "true",
                  "children": "Jobs Titles of Grads",
                  "className": "charts-nav",
                  "to": "/viewPie",
                },
                "ref": null,
                "rendered": "Jobs Titles of Grads",
                "type": [Function],
              },
              Object {
                "instance": null,
                "key": undefined,
                "nodeType": "function",
                "props": Object {
                  "activeClassName": "active",
                  "ariaCurrent": "true",
                  "children": "How many days to hire?",
                  "className": "charts-nav",
                  "to": "/viewBar",
                },
                "ref": null,
                "rendered": "How many days to hire?",
                "type": [Function],
              },
            ],
            "type": "div",
          },
        ],
        "type": "div",
      },
      "type": "div",
    },
  ],
  Symbol(enzyme.__options__): Object {
    "adapter": ReactSixteenAdapter {
      "options": Object {
        "enableComponentDidUpdateOnSetState": true,
      },
    },
    "disableLifecycleMethods": true,
  },
}
`;
